Microchip MPLAB XC8 Compiler V2.41

Linker command line:

-W-3 --edf=/Applications/microchip/xc8/v2.41/pic/dat/20230208172133_en.msgs \
  -cn -h+dist/default/production/Car_Black_Box.X.production.sym \
  --cmf=dist/default/production/Car_Black_Box.X.production.cmf -z -Q16F877 \
  -o/tmp/xcI4eqkKS/driver_tmp_3.o --defsym=__MPLAB_BUILD=1 \
  --fixupoverflow=error \
  -Mdist/default/production/Car_Black_Box.X.production.map \
  --md=/tmp/xcI4eqkKS/driver_tmp_0.dat -E1 -ver=XC8 Compiler --acfsm=1493 \
  -ACODE=00h-07FFhx4 -ASTRCODE=00h-01FFFh -ASTRING=00h-0FFhx32 \
  -ACONST=00h-0FFhx32 -AENTRY=00h-0FFhx32 -ACOMMON=070h-07Fh \
  -ABANK0=020h-06Fh -ABANK1=0A0h-0EFh -ABANK2=0110h-016Fh \
  -ABANK3=0190h-01EFh -ARAM=020h-06Fh,0A0h-0EFh,0110h-016Fh,0190h-01EFh \
  -AABS1=020h-07Fh,0A0h-0EFh,0110h-016Fh,0190h-01EFh -ASFR0=00h-01Fh \
  -ASFR1=080h-09Fh -ASFR2=0100h-010Fh -ASFR3=0180h-018Fh \
  -ACONFIG=02007h-02007h -DCONFIG=2 -AIDLOC=02000h-02003h -DIDLOC=2 \
  -AEEDATA=00h-0FFh/02100h -peeprom_data=EEDATA -DEEDATA=2 -DCODE=2 \
  -DSTRCODE=2 -DSTRING=2 -DCONST=2 -DENTRY=2 \
  -preset_vec=00h,intentry=04h,init,end_init -ppowerup=CODE -pcinit=CODE \
  -pfunctab=ENTRY -k /tmp/xcI4eqkKS/driver_tmp_12.o \
  dist/default/production/Car_Black_Box.X.production.o 

Object code version is 3.11

Machine type is 16F877



                Name                               Link     Load   Length Selector   Space Scale
/tmp/xcI4eqkKS/driver_tmp_12.o
                end_init                              C        C        3        8       0
                reset_vec                             0        0        3        0       0
                config                             2007     2007        1        0       4
dist/default/production/Car_Black_Box.X.production.o
                cinit                                 F        F       3B        8       0
                intentry                              4        4        8        8       0
                config                             2007     2007        1        0       4
                text51                              C08      C08       6B     1810       0
                text50                              94C      94C       46     1298       0
                text49                             15B7     15B7       20     2B6E       0
                text48                             173D     173D       2F     2E7A       0
                text47                             156F     156F       15     2ADE       0
                text46                             1526     1526       11     2A4C       0
                text45                             1519     1519        D     2A32       0
                text44                             14D1     14D1        9     29A2       0
                text43                             14DA     14DA        9     29B4       0
                text42                             14ED     14ED        B     29DA       0
                text41                             1668     1668       27     2CD0       0
                text40                              825      825       2F     104A       0
                text39                              D1A      D1A       AC     1A34       0
                text38                             1584     1584       15     2B08       0
                text37                              88E      88E       3B     111C       0
                text36                              B9F      B9F       69     173E       0
                text35                              A83      A83       59     1506       0
                text34                              992      992       4D     1324       0
                text33                             15D7     15D7       21     2BAE       0
                text32                             14F8     14F8        B     29F0       0
                text31                             16B9     16B9       2B     2D72       0
                text30                              9DF      9DF       4D     13BE       0
                text29                             179C     179C       32     2F38       0
                text28                              68F      68F       71        8       0
                text27                             16E4     16E4       2B     2DC8       0
                text26                             1503     1503        B     2A06       0
                text25                             1642     1642       26     2C84       0
                text24                              E7C      E7C       C2     1CF8       0
                text23                             14BA     14BA        7     2974       0
                text22                              A2C      A2C       57     1458       0
                text21                             150E     150E        B     2A1C       0
                text20                             14B4     14B4        6     2968       0
                text19                             1599     1599       1E     2B32       0
                text18                             1549     1549       13     2A92       0
                text17                              B37      B37       68     166E       0
                text16                             17CE     17CE       32     2F9C       0
                text15                             14E3     14E3        A     29C6       0
                text14                             176C     176C       30     2ED8       0
                text13                              854      854       3A     10A8       0
                text12                             15F8     15F8       25     2BF0       0
                text11                              907      907       45     120E       0
                text10                              ADC      ADC       5B     15B8       0
                text9                               8C9      8C9       3E     1192       0
                text8                               516      516      179        8       0
                text7                               F3E      F3E       C2     1E7C       0
                text6                              1537     1537       12     2A6E       0
                text5                              168F     168F       2A     2D1E       0
                text4                               33D      33D      1D9        8       0
                text3                              161D     161D       25     2C3A       0
                text2                               DC6      DC6       B6     1B8C       0
                text1                               C73      C73       A7     18E6       0
                maintext                             4A       4A      2F3        8       0
                cstackBANK0                          20       20       19       20       1
                cstackCOMMON                         70       70        A       70       1
                cstackBANK3                         190      190       21      190       1
                clrtext                            14C1     14C1        8     2982       0
                inittext                           155C     155C       13     2AB8       0
                bssBANK3                            1B1      1B1       10      190       1
                dataBANK1                            A0       A0       2E       A0       1
                bssBANK1                             CE       CE       1A       A0       1
                dataBANK0                            4A       4A        8       20       1
                bssBANK0                             39       39       11       20       1
                bssCOMMON                            7A       7A        2       70       1
                stringtext                          700      700      125        E       0
                strings                            1000     1000       12     2000       0
                idataBANK1                         170F     170F       2E     2E1E       0
                idataBANK0                         14C9     14C9        8     2992       0

TOTAL           Name                               Link     Load   Length     Space
        CLASS   CODE           
                end_init                              C        C        3         0
                cinit                                 F        F       3B         0
                intentry                              4        4        8         0
                reset_vec                             0        0        3         0
                text51                              C08      C08       6B         0
                text50                              94C      94C       46         0
                text49                             15B7     15B7       20         0
                text48                             173D     173D       2F         0
                text47                             156F     156F       15         0
                text46                             1526     1526       11         0
                text45                             1519     1519        D         0
                text44                             14D1     14D1        9         0
                text43                             14DA     14DA        9         0
                text42                             14ED     14ED        B         0
                text41                             1668     1668       27         0
                text40                              825      825       2F         0
                text39                              D1A      D1A       AC         0
                text38                             1584     1584       15         0
                text37                              88E      88E       3B         0
                text36                              B9F      B9F       69         0
                text35                              A83      A83       59         0
                text34                              992      992       4D         0
                text33                             15D7     15D7       21         0
                text32                             14F8     14F8        B         0
                text31                             16B9     16B9       2B         0
                text30                              9DF      9DF       4D         0
                text29                             179C     179C       32         0
                text28                              68F      68F       71         0
                text27                             16E4     16E4       2B         0
                text26                             1503     1503        B         0
                text25                             1642     1642       26         0
                text24                              E7C      E7C       C2         0
                text23                             14BA     14BA        7         0
                text22                              A2C      A2C       57         0
                text21                             150E     150E        B         0
                text20                             14B4     14B4        6         0
                text19                             1599     1599       1E         0
                text18                             1549     1549       13         0
                text17                              B37      B37       68         0
                text16                             17CE     17CE       32         0
                text15                             14E3     14E3        A         0
                text14                             176C     176C       30         0
                text13                              854      854       3A         0
                text12                             15F8     15F8       25         0
                text11                              907      907       45         0
                text10                              ADC      ADC       5B         0
                text9                               8C9      8C9       3E         0
                text8                               516      516      179         0
                text7                               F3E      F3E       C2         0
                text6                              1537     1537       12         0
                text5                              168F     168F       2A         0
                text4                               33D      33D      1D9         0
                text3                              161D     161D       25         0
                text2                               DC6      DC6       B6         0
                text1                               C73      C73       A7         0
                maintext                             4A       4A      2F3         0
                clrtext                            14C1     14C1        8         0
                inittext                           155C     155C       13         0
                idataBANK1                         170F     170F       2E         0
                idataBANK0                         14C9     14C9        8         0

        CLASS   STRCODE        
                stringtext                          700      700      125         0

        CLASS   STRING         
                strings                            1000     1000       12         0

        CLASS   CONST          

        CLASS   ENTRY          

        CLASS   COMMON         
                cstackCOMMON                         70       70        A         1
                bssCOMMON                            7A       7A        2         1

        CLASS   BANK0          
                cstackBANK0                          20       20       19         1
                dataBANK0                            4A       4A        8         1
                bssBANK0                             39       39       11         1

        CLASS   BANK1          
                dataBANK1                            A0       A0       2E         1
                bssBANK1                             CE       CE       1A         1

        CLASS   BANK2          

        CLASS   BANK3          
                cstackBANK3                         190      190       21         1
                bssBANK3                            1B1      1B1       10         1

        CLASS   RAM            

        CLASS   ABS1           
                abs_s1                               7E       7E        2         1

        CLASS   SFR0           

        CLASS   SFR1           

        CLASS   SFR2           

        CLASS   SFR3           

        CLASS   CONFIG         
                config                             2007     2007        1         4

        CLASS   IDLOC          

        CLASS   EEDATA         

        CLASS   STACK          



SEGMENTS        Name                           Load    Length   Top    Selector   Space  Class     Delta

                text41                         001668  000027  00168F      2CD0       0  CODE        2
                text25                         001642  000026  001668      2C84       0  CODE        2
                text31                         0016B9  00002B  0016E4      2D72       0  CODE        2
                text5                          00168F  00002A  0016B9      2D1E       0  CODE        2
                text3                          00161D  000025  001642      2C3A       0  CODE        2
                text49                         0015B7  000020  0015D7      2B6E       0  CODE        2
                text19                         001599  00001E  0015B7      2B32       0  CODE        2
                text12                         0015F8  000025  00161D      2BF0       0  CODE        2
                text33                         0015D7  000021  0015F8      2BAE       0  CODE        2
                text16                         0017CE  000032  001800      2F9C       0  CODE        2
                text29                         00179C  000032  0017CE      2F38       0  CODE        2
                text37                         00088E  00003B  0008C9      111C       0  CODE        2
                text13                         000854  00003A  00088E      10A8       0  CODE        2
                text14                         00176C  000030  00179C      2ED8       0  CODE        2
                idataBANK1                     00170F  00002E  00173D      2E1E       0  CODE        2
                text27                         0016E4  00002B  00170F      2DC8       0  CODE        2
                text40                         000825  00002F  000854      104A       0  CODE        2
                text48                         00173D  00002F  00176C      2E7A       0  CODE        2
                text38                         001584  000015  001599      2B08       0  CODE        2
                text15                         0014E3  00000A  0014ED      29C6       0  CODE        2
                text43                         0014DA  000009  0014E3      29B4       0  CODE        2
                text32                         0014F8  00000B  001503      29F0       0  CODE        2
                text42                         0014ED  00000B  0014F8      29DA       0  CODE        2
                text44                         0014D1  000009  0014DA      29A2       0  CODE        2
                text23                         0014BA  000007  0014C1      2974       0  CODE        2
                text20                         0014B4  000006  0014BA      2968       0  CODE        2
                idataBANK0                     0014C9  000008  0014D1      2992       0  CODE        2
                clrtext                        0014C1  000008  0014C9      2982       0  CODE        2
                text18                         001549  000013  00155C      2A92       0  CODE        2
                strings                        001000  000012  001012      2000       0  STRING      2
                text47                         00156F  000015  001584      2ADE       0  CODE        2
                inittext                       00155C  000013  00156F      2AB8       0  CODE        2
                text6                          001537  000012  001549      2A6E       0  CODE        2
                text21                         00150E  00000B  001519      2A1C       0  CODE        2
                text26                         001503  00000B  00150E      2A06       0  CODE        2
                text46                         001526  000011  001537      2A4C       0  CODE        2
                text45                         001519  00000D  001526      2A32       0  CODE        2
                cstackBANK0                    000020  000032  000052        20       1  BANK0       1
                dataBANK1                      0000A0  000048  0000E8        A0       1  BANK1       1
                reset_vec                      000000  000003  000003         0       0  CODE        2
                cstackBANK3                    000190  000031  0001C1       190       1  BANK3       1
                intentry                       000004  0006FC  000700         8       0  CODE        2
                cstackCOMMON                   000070  00000C  00007C        70       1  COMMON      1
                text35                         000A83  000059  000ADC      1506       0  CODE        2
                text22                         000A2C  000057  000A83      1458       0  CODE        2
                text17                         000B37  000068  000B9F      166E       0  CODE        2
                text10                         000ADC  00005B  000B37      15B8       0  CODE        2
                text30                         0009DF  00004D  000A2C      13BE       0  CODE        2
                text11                         000907  000045  00094C      120E       0  CODE        2
                text9                          0008C9  00003E  000907      1192       0  CODE        2
                text34                         000992  00004D  0009DF      1324       0  CODE        2
                text50                         00094C  000046  000992      1298       0  CODE        2
                text7                          000F3E  0000C2  001000      1E7C       0  CODE        2
                text24                         000E7C  0000C2  000F3E      1CF8       0  CODE        2
                stringtext                     000700  000125  000825         E       0  STRCODE     2
                text2                          000DC6  0000B6  000E7C      1B8C       0  CODE        2
                text51                         000C08  00006B  000C73      1810       0  CODE        2
                text36                         000B9F  000069  000C08      173E       0  CODE        2
                text39                         000D1A  0000AC  000DC6      1A34       0  CODE        2
                text1                          000C73  0000A7  000D1A      18E6       0  CODE        2


UNUSED ADDRESS RANGES

        Name                Unused          Largest block    Delta
        BANK0            0052-006F             1E           1
        BANK1            00E8-00EF              8           1
        BANK2            0110-016F             60           1
        BANK3            01C1-01EF             2F           1
        CODE             0003-0003              1           2
                         1012-14B3            4A2
                         1800-1FFF            800
        COMMON           007C-007D              2           1
        CONST            0003-0003              1           2
                         1012-14B3            100
                         1800-1FFF            100
        EEDATA           2100-21FF            100           2
        ENTRY            0003-0003              1           2
                         1012-14B3            100
                         1800-1FFF            100
        IDLOC            2000-2003              4           2
        RAM              0052-006F             1E           1
                         00E8-00EF              8
                         0110-016F             60
                         01C1-01EF             2F
        SFR0             0000-001F             20           1
        SFR1             0080-009F             20           1
        SFR2             0100-010F             10           1
        SFR3             0180-018F             10           1
        STRCODE          0003-0003              1           2
                         1012-14B3            4A2
                         1800-1FFF            800
        STRING           0003-0003              1           2
                         1012-14B3            100
                         1800-1FFF            100

                                  Symbol Table

?___awdiv                                cstackCOMMON 0072
?___awmod                                cstackCOMMON 0072
?___lldiv                                cstackCOMMON 0072
?___lwdiv                                cstackCOMMON 0076
?_read_adc                               cstackCOMMON 0072
?_strcmp                                 cstackCOMMON 0072
?_strncmp                                cstackCOMMON 0072
_ACKDT                                   (abs)        048D
_ACKEN                                   (abs)        048C
_ACKSTAT                                 (abs)        048E
_ADFM                                    (abs)        04FF
_ADON                                    (abs)        00F8
_ADRESH                                  (abs)        001E
_ADRESL                                  (abs)        009E
_CREN                                    (abs)        00C4
_GIE                                     (abs)        005F
_GO                                      (abs)        00FA
_PEIE                                    (abs)        005E
_PEN                                     (abs)        048A
_PORTB                                   (abs)        0006
_PORTD                                   (abs)        0008
_PR2                                     (abs)        0092
_RCEN                                    (abs)        048B
_RCIF                                    (abs)        0065
_RCREG                                   (abs)        001A
_RE1                                     (abs)        0049
_RE2                                     (abs)        004A
_R_nW                                    (abs)        04A2
_SEN                                     (abs)        0488
_SPBRG                                   (abs)        0099
_SPEN                                    (abs)        00C7
_SSPADD                                  (abs)        0093
_SSPBUF                                  (abs)        0013
_SSPCON2                                 (abs)        0091
_SSPEN                                   (abs)        00A5
_SSPM3                                   (abs)        00A3
_T2CKPS0                                 (abs)        0090
_T2CKPS1                                 (abs)        0091
_TMR2IE                                  (abs)        0461
_TMR2IF                                  (abs)        0061
_TMR2ON                                  (abs)        0092
_TRISB                                   (abs)        0086
_TRISD                                   (abs)        0088
_TRISE1                                  (abs)        0449
_TRISE2                                  (abs)        044A
_TXIF                                    (abs)        0064
_TXREG                                   (abs)        0019
__H__absolute__                          __absolute__ 0000
__Habs1                                  abs1         0000
__Hbank0                                 bank0        0000
__Hbank1                                 bank1        0000
__Hbank2                                 bank2        0000
__Hbank3                                 bank3        0000
__HbssBANK0                              bssBANK0     0000
__HbssBANK1                              bssBANK1     0000
__HbssBANK3                              bssBANK3     0000
__HbssCOMMON                             bssCOMMON    0000
__Hcinit                                 cinit        004A
__Hclrtext                               clrtext      0000
__Hcode                                  code         0000
__Hcommon                                common       0000
__Hconfig                                config       2008
__HcstackBANK0                           cstackBANK0  0000
__HcstackBANK3                           cstackBANK3  0000
__HcstackCOMMON                          cstackCOMMON 0000
__HdataBANK0                             dataBANK0    0000
__HdataBANK1                             dataBANK1    0000
__Heeprom_data                           eeprom_data  0000
__Hend_init                              end_init     000F
__Hfunctab                               functab      0000
__HidataBANK0                            idataBANK0   0000
__HidataBANK1                            idataBANK1   0000
__Hinit                                  init         000C
__Hinittext                              inittext     0000
__Hintentry                              intentry     000C
__Hmaintext                              maintext     0000
__Hpowerup                               powerup      0000
__Hram                                   ram          0000
__Hreset_vec                             reset_vec    0003
__Hsfr0                                  sfr0         0000
__Hsfr1                                  sfr1         0000
__Hsfr2                                  sfr2         0000
__Hsfr3                                  sfr3         0000
__Hspace_0                               (abs)        1800
__Hspace_1                               (abs)        01C1
__Hspace_2                               (abs)        0000
__Hspace_3                               (abs)        0000
__Hspace_4                               (abs)        400F
__Hstack                                 stack        0000
__Hstrings                               strings      0000
__Hstringtext                            stringtext   0000
__Htext                                  text         0000
__L__absolute__                          __absolute__ 0000
__Labs1                                  abs1         0000
__Lbank0                                 bank0        0000
__Lbank1                                 bank1        0000
__Lbank2                                 bank2        0000
__Lbank3                                 bank3        0000
__LbssBANK0                              bssBANK0     0000
__LbssBANK1                              bssBANK1     0000
__LbssBANK3                              bssBANK3     0000
__LbssCOMMON                             bssCOMMON    0000
__Lcinit                                 cinit        000F
__Lclrtext                               clrtext      0000
__Lcode                                  code         0000
__Lcommon                                common       0000
__Lconfig                                config       0000
__LcstackBANK0                           cstackBANK0  0000
__LcstackBANK3                           cstackBANK3  0000
__LcstackCOMMON                          cstackCOMMON 0000
__LdataBANK0                             dataBANK0    0000
__LdataBANK1                             dataBANK1    0000
__Leeprom_data                           eeprom_data  0000
__Lend_init                              end_init     000C
__Lfunctab                               functab      0000
__LidataBANK0                            idataBANK0   0000
__LidataBANK1                            idataBANK1   0000
__Linit                                  init         000C
__Linittext                              inittext     0000
__Lintentry                              intentry     0004
__Lmaintext                              maintext     0000
__Lpowerup                               powerup      0000
__Lram                                   ram          0000
__Lreset_vec                             reset_vec    0000
__Lsfr0                                  sfr0         0000
__Lsfr1                                  sfr1         0000
__Lsfr2                                  sfr2         0000
__Lsfr3                                  sfr3         0000
__Lspace_0                               (abs)        0000
__Lspace_1                               (abs)        0000
__Lspace_2                               (abs)        0000
__Lspace_3                               (abs)        0000
__Lspace_4                               (abs)        0000
__Lstack                                 stack        0000
__Lstrings                               strings      0000
__Lstringtext                            stringtext   0000
__Ltext                                  text         0000
__S0                                     (abs)        1800
__S1                                     (abs)        01C1
__S3                                     (abs)        0000
___awdiv                                 text36       0B9F
___awdiv@counter                         cstackBANK0  0020
___awdiv@dividend                        cstackCOMMON 0074
___awdiv@divisor                         cstackCOMMON 0072
___awdiv@quotient                        cstackBANK0  0022
___awdiv@sign                            cstackBANK0  0021
___awmod                                 text35       0A83
___awmod@counter                         cstackCOMMON 0077
___awmod@dividend                        cstackCOMMON 0074
___awmod@divisor                         cstackCOMMON 0072
___awmod@sign                            cstackCOMMON 0078
___bmul                                  text38       1584
___bmul@multiplicand                     cstackCOMMON 0072
___bmul@multiplier                       cstackCOMMON 0075
___bmul@product                          cstackCOMMON 0074
___int_sp                                stack        0000
___latbits                               (abs)        0002
___lldiv                                 text17       0B37
___lldiv@counter                         cstackBANK0  0025
___lldiv@dividend                        cstackCOMMON 0076
___lldiv@divisor                         cstackCOMMON 0072
___lldiv@quotient                        cstackBANK0  0021
___lwdiv                                 text50       094C
___lwdiv@counter                         cstackBANK0  0021
___lwdiv@dividend                        cstackCOMMON 0078
___lwdiv@divisor                         cstackCOMMON 0076
___lwdiv@quotient                        cstackBANK0  0022
___sp                                    stack        0000
___stackhi                               (abs)        0000
___stacklo                               (abs)        0000
__end_of___awdiv                         text36       0C08
__end_of___awmod                         text35       0ADC
__end_of___bmul                          text38       1599
__end_of___lldiv                         text17       0B9F
__end_of___lwdiv                         text50       0992
__end_of__initialization                 cinit        0046
__end_of__stringtab                      strings      1012
__end_of_change_password                 text39       0DC6
__end_of_clcd_print                      text48       176C
__end_of_clcd_putch                      text47       1584
__end_of_clcd_write                      text49       15D7
__end_of_clear_log                       text37       08C9
__end_of_clear_screen                    text46       1537
__end_of_display_dash_board              text28       0700
__end_of_display_time                    text34       09DF
__end_of_download_log                    text24       0F3E
__end_of_eeprom_at24c04_byte_write       text41       168F
__end_of_eeprom_at24c04_random_read      text27       170F
__end_of_eeprom_at24c04_str_write        text40       0854
__end_of_get_time                        text30       0A2C
__end_of_i2c_read                        text33       15F8
__end_of_i2c_rep_start                   text32       1503
__end_of_i2c_start                       text44       14DA
__end_of_i2c_stop                        text43       14E3
__end_of_i2c_wait_for_idle               text45       1526
__end_of_i2c_write                       text42       14F8
__end_of_init_adc                        text23       14C1
__end_of_init_clcd                       text21       1519
__end_of_init_config                     text13       088E
__end_of_init_digital_keypad             text20       14BA
__end_of_init_display_controller         text22       0A83
__end_of_init_ds1307                     text18       155C
__end_of_init_i2c                        text16       1800
__end_of_init_timer2                     text15       14ED
__end_of_init_uart                       text14       179C
__end_of_isr                             text51       0C73
__end_of_log_car_event                   text10       0B37
__end_of_log_event                       text12       161D
__end_of_login                           text8        068F
__end_of_login_menu                      text7        1000
__end_of_main                            maintext     033D
__end_of_putchar                         text26       150E
__end_of_puts                            text25       1668
__end_of_read_adc                        text6        1549
__end_of_read_digital_keypad             text5        16B9
__end_of_read_ds1307                     text31       16E4
__end_of_read_event                      text2        0E7C
__end_of_set_time                        text4        0516
__end_of_strcmp                          text29       17CE
__end_of_strcpy                          text3        1642
__end_of_strncmp                         text9        0907
__end_of_strncpy                         text11       094C
__end_of_view_log                        text1        0D1A
__end_of_write_ds1307                    text19       15B7
__initialization                         cinit        000F
__pbssBANK0                              bssBANK0     0039
__pbssBANK1                              bssBANK1     00CE
__pbssBANK3                              bssBANK3     01B1
__pbssCOMMON                             bssCOMMON    007A
__pcstackBANK0                           cstackBANK0  0020
__pcstackBANK3                           cstackBANK3  0190
__pcstackCOMMON                          cstackCOMMON 0070
__pdataBANK0                             dataBANK0    004A
__pdataBANK1                             dataBANK1    00A0
__pidataBANK0                            idataBANK0   14C9
__pidataBANK1                            idataBANK1   170F
__pintentry                              intentry     0004
__pmaintext                              maintext     004A
__pstrings                               strings      1000
__pstringtext                            stringtext   0700
__ptext1                                 text1        0C73
__ptext10                                text10       0ADC
__ptext11                                text11       0907
__ptext12                                text12       15F8
__ptext13                                text13       0854
__ptext14                                text14       176C
__ptext15                                text15       14E3
__ptext16                                text16       17CE
__ptext17                                text17       0B37
__ptext18                                text18       1549
__ptext19                                text19       1599
__ptext2                                 text2        0DC6
__ptext20                                text20       14B4
__ptext21                                text21       150E
__ptext22                                text22       0A2C
__ptext23                                text23       14BA
__ptext24                                text24       0E7C
__ptext25                                text25       1642
__ptext26                                text26       1503
__ptext27                                text27       16E4
__ptext28                                text28       068F
__ptext29                                text29       179C
__ptext3                                 text3        161D
__ptext30                                text30       09DF
__ptext31                                text31       16B9
__ptext32                                text32       14F8
__ptext33                                text33       15D7
__ptext34                                text34       0992
__ptext35                                text35       0A83
__ptext36                                text36       0B9F
__ptext37                                text37       088E
__ptext38                                text38       1584
__ptext39                                text39       0D1A
__ptext4                                 text4        033D
__ptext40                                text40       0825
__ptext41                                text41       1668
__ptext42                                text42       14ED
__ptext43                                text43       14DA
__ptext44                                text44       14D1
__ptext45                                text45       1519
__ptext46                                text46       1526
__ptext47                                text47       156F
__ptext48                                text48       173D
__ptext49                                text49       15B7
__ptext5                                 text5        168F
__ptext50                                text50       094C
__ptext51                                text51       0C08
__ptext6                                 text6        1537
__ptext7                                 text7        0F3E
__ptext8                                 text8        0516
__ptext9                                 text9        08C9
__stringbase                             strings      1012
__stringtab                              strings      1000
_blink                                   dataBANK0    004F
_c_log                                   dataBANK1    00C3
_c_pos                                   bssBANK0     0041
_change_password                         text39       0D1A
_clcd_print                              text48       173D
_clcd_putch                              text47       156F
_clcd_write                              text49       15B7
_clear_flag                              bssBANK0     0040
_clear_log                               text37       088E
_clear_screen                            text46       1526
_clock_reg                               bssBANK0     0039
_d_pos                                   bssCOMMON    007B
_data                                    bssBANK1     00D2
_display_dash_board                      text28       068F
_display_time                            text34       0992
_download_log                            text24       0E7C
_eeprom_at24c04_byte_write               text41       1668
_eeprom_at24c04_random_read              text27       16E4
_eeprom_at24c04_str_write                text40       0825
_first_time                              dataBANK0    0050
_get_time                                text30       09DF
_i2c_read                                text33       15D7
_i2c_rep_start                           text32       14F8
_i2c_start                               text44       14D1
_i2c_stop                                text43       14DA
_i2c_wait_for_idle                       text45       1519
_i2c_write                               text42       14ED
_init_adc                                text23       14BA
_init_clcd                               text21       150E
_init_config                             text13       0854
_init_digital_keypad                     text20       14B4
_init_display_controller                 text22       0A2C
_init_ds1307                             text18       1549
_init_i2c                                text16       17CE
_init_timer2                             text15       14E3
_init_uart                               text14       176C
_isr                                     text51       0C08
_log                                     bssBANK1     00DD
_log_car_event                           text10       0ADC
_log_event                               text12       15F8
_login                                   text8        0516
_login_menu                              text7        0F3E
_main                                    maintext     004A
_nDONE                                   (abs)        00FA
_pos                                     dataBANK0    004E
_putchar                                 text26       1503
_puts                                    text25       1642
_read_adc                                text6        1537
_read_digital_keypad                     text5        168F
_read_ds1307                             text31       16B9
_read_event                              text2        0DC6
_read_pos                                bssCOMMON    007A
_return_time                             dataBANK0    004D
_sec                                     bssBANK0     0042
_set_time                                text4        033D
_strcmp                                  text29       179C
_strcpy                                  text3        161D
_strncmp                                 text9        08C9
_strncpy                                 text11       0907
_time                                    bssBANK0     0043
_view_log                                text1        0C73
_write_ds1307                            text19       1599
btemp                                    (abs)        007E
change_password@bar                      cstackBANK0  0026
change_password@display                  dataBANK0    004B
change_password@i                        bssBANK0     003C
change_password@key                      cstackBANK0  0028
change_password@npassword                cstackBANK0  0029
clcd_print@addr                          cstackCOMMON 0078
clcd_print@str                           cstackCOMMON 0076
clcd_putch@addr                          cstackCOMMON 0079
clcd_putch@data                          cstackBANK0  0024
clcd_write@byte                          cstackCOMMON 0075
clcd_write@mode                          cstackCOMMON 0072
clear_log@addr                           cstackBANK0  0022
clear_ram0                               clrtext      14C1
display_dash_board@event                 cstackBANK0  0028
display_dash_board@speed                 cstackBANK0  0025
download_log@addr                        cstackCOMMON 0077
eeprom_at24c04_byte_write@data           cstackCOMMON 0073
eeprom_at24c04_byte_write@memory_loc     cstackCOMMON 0076
eeprom_at24c04_random_read@memory_loc    cstackCOMMON 0074
eeprom_at24c04_random_read@received_data cstackCOMMON 0075
eeprom_at24c04_str_write@data            cstackCOMMON 0077
eeprom_at24c04_str_write@memory_loc      cstackBANK0  0020
end_of_initialization                    cinit        0046
i2c_read@ack                             cstackCOMMON 0072
i2c_read@data                            cstackCOMMON 0073
i2c_write@data                           cstackCOMMON 0072
init_ds1307@dummy                        cstackCOMMON 0076
init_fetch0                              inittext     155C
init_i2c@baud                            cstackBANK0  0026
init_ram0                                inittext     1560
init_uart@baud                           cstackBANK0  0026
interrupt_function                       intentry     0004
intlevel0                                functab      0000
intlevel1                                functab      0000
intlevel2                                functab      0000
intlevel3                                functab      0000
intlevel4                                functab      0000
intlevel5                                functab      0000
isr@count                                bssBANK1     00CE
log_car_event@event                      cstackBANK0  0027
log_car_event@speed                      cstackBANK0  0024
log_event@addr                           cstackBANK0  0022
login@attempt                            dataBANK1    00C1
login@i                                  bssBANK0     003F
login@j                                  cstackBANK0  0032
login@key                                cstackBANK0  0031
login@npassword                          cstackBANK0  002D
login@reset_flag                         cstackBANK0  0025
login@spassword                          cstackBANK0  0029
login_menu@F990                          dataBANK1    00AC
login_menu@key                           cstackBANK0  0034
login_menu@menu                          cstackBANK0  002A
login_menu@menu_pos                      bssBANK0     003E
login_menu@reset_flag                    cstackBANK0  0025
main@F957                                dataBANK1    00BE
main@F961                                dataBANK1    00A0
main@F970                                dataBANK1    00B6
main@ch                                  cstackBANK3  0190
main@control_flag                        cstackBANK3  01AF
main@d_flag                              cstackBANK3  01A9
main@event                               cstackBANK3  01AA
main@gear                                cstackBANK3  0198
main@gr                                  cstackBANK3  01A8
main@j                                   cstackBANK3  01A4
main@key                                 cstackBANK3  01B0
main@reset_flag                          cstackBANK3  01AD
main@speed                               cstackBANK3  01AE
main@var                                 cstackBANK3  01A6
main@wait                                cstackBANK3  01A7
putchar@data                             cstackCOMMON 0072
puts@s                                   cstackCOMMON 0073
read_adc@adc_reg_val                     cstackCOMMON 0074
read_digital_keypad@mode                 cstackCOMMON 0073
read_digital_keypad@once                 dataBANK0    004A
read_ds1307@addr                         cstackCOMMON 0074
read_ds1307@data                         cstackCOMMON 0075
read_event@addr                          cstackCOMMON 0078
read_event@key                           cstackCOMMON 0077
reset_vec                                reset_vec    0000
saved_w                                  (abs)        007E
set_time@b_pos                           bssBANK0     003D
set_time@bar                             cstackBANK0  0026
set_time@key                             cstackBANK0  0028
set_time@run                             dataBANK0    004C
start                                    init         000C
start_initialization                     cinit        000F
strcmp@r                                 cstackCOMMON 0076
strcmp@s1                                cstackCOMMON 0077
strcmp@s2                                cstackCOMMON 0072
strcpy@cp                                cstackCOMMON 0075
strcpy@from                              cstackCOMMON 0072
strcpy@to                                cstackCOMMON 0076
strncmp@len                              cstackCOMMON 0073
strncmp@s1                               cstackCOMMON 0077
strncmp@s2                               cstackCOMMON 0072
strncpy@cp                               cstackBANK0  0021
strncpy@from                             cstackCOMMON 0072
strncpy@size                             cstackCOMMON 0074
strncpy@to                               cstackBANK0  0020
view_log@key                             cstackBANK0  0025
write_ds1307@addr                        cstackCOMMON 0074
write_ds1307@data                        cstackCOMMON 0073
wtemp0                                   (abs)        007E


MODULE INFORMATION

Module		Function		Class		Link	Load	Size
timers.c
		_init_timer2   		CODE           	14E3	0000	10

timers.c estimated size: 10

/Applications/microchip/xc8/v2.41/pic/sources/c90/common/awdiv.c
		___awdiv       		CODE           	0B9F	0000	105

/Applications/microchip/xc8/v2.41/pic/sources/c90/common/awdiv.c estimated size: 105

digital_keypad.c
		_init_digital_keypad		CODE           	14B4	0000	6
		_read_digital_keypad		CODE           	168F	0000	42

digital_keypad.c estimated size: 48

uart.c
		_init_uart     		CODE           	176C	0000	48
		_puts          		CODE           	1642	0000	38
		_putchar       		CODE           	1503	0000	11

uart.c estimated size: 97

i2c.c
		_i2c_start     		CODE           	14D1	0000	9
		_i2c_rep_start 		CODE           	14F8	0000	11
		_i2c_write     		CODE           	14ED	0000	11
		_i2c_stop      		CODE           	14DA	0000	9
		_i2c_read      		CODE           	15D7	0000	33
		_init_i2c      		CODE           	17CE	0000	50
		_i2c_wait_for_idle		CODE           	1519	0000	13

i2c.c estimated size: 136

ds1307.c
		_read_ds1307   		CODE           	16B9	0000	43
		_write_ds1307  		CODE           	1599	0000	30
		_init_ds1307   		CODE           	1549	0000	19

ds1307.c estimated size: 92

adc.c
		_init_adc      		CODE           	14BA	0000	7
		_read_adc      		CODE           	1537	0000	18

adc.c estimated size: 25

isr.c
		_isr           		CODE           	0C08	0000	107

isr.c estimated size: 107

/Applications/microchip/xc8/v2.41/pic/sources/c90/common/strcmp.c
		_strcmp        		CODE           	179C	0000	50

/Applications/microchip/xc8/v2.41/pic/sources/c90/common/strcmp.c estimated size: 50

shared
		__stringtab    		STRING         	1000	0000	18
		__initialization		CODE           	000F	0000	55

shared estimated size: 73

/Applications/microchip/xc8/v2.41/pic/sources/c90/common/strcpy.c
		_strcpy        		CODE           	161D	0000	37

/Applications/microchip/xc8/v2.41/pic/sources/c90/common/strcpy.c estimated size: 37

clcd.c
		_clcd_write    		CODE           	15B7	0000	32
		_clcd_print    		CODE           	173D	0000	47
		_clcd_putch    		CODE           	156F	0000	21
		_init_display_controller		CODE           	0A2C	0000	87
		_init_clcd     		CODE           	150E	0000	11

clcd.c estimated size: 198

/Applications/microchip/xc8/v2.41/pic/sources/c90/common/awmod.c
		___awmod       		CODE           	0A83	0000	89

/Applications/microchip/xc8/v2.41/pic/sources/c90/common/awmod.c estimated size: 89

at24c04.c
		_eeprom_at24c04_random_read		CODE           	16E4	0000	43
		_eeprom_at24c04_byte_write		CODE           	1668	0000	39
		_eeprom_at24c04_str_write		CODE           	0825	0000	47

at24c04.c estimated size: 129

/Applications/microchip/xc8/v2.41/pic/sources/c90/common/lwdiv.c
		___lwdiv       		CODE           	094C	0000	70

/Applications/microchip/xc8/v2.41/pic/sources/c90/common/lwdiv.c estimated size: 70

c_b_b.c
		_view_log      		CODE           	0C73	0000	167
		_log_car_event 		CODE           	0ADC	0000	91
		_display_time  		CODE           	0992	0000	77
		_change_password		CODE           	0D1A	0000	172
		_read_event    		CODE           	0DC6	0000	182
		_get_time      		CODE           	09DF	0000	77
		_clear_screen  		CODE           	1526	0000	17
		_display_dash_board		CODE           	068F	0000	113
		_download_log  		CODE           	0E7C	0000	194
		_log_event     		CODE           	15F8	0000	37
		_login_menu    		CODE           	0F3E	0000	194
		_set_time      		CODE           	033D	0000	473
		_clear_log     		CODE           	088E	0000	59
		_login         		CODE           	0516	0000	377

c_b_b.c estimated size: 2230

main.c
		_main          		CODE           	004A	0000	755
		_init_config   		CODE           	0854	0000	58

main.c estimated size: 813

/Applications/microchip/xc8/v2.41/pic/sources/c90/common/strncmp.c
		_strncmp       		CODE           	08C9	0000	62

/Applications/microchip/xc8/v2.41/pic/sources/c90/common/strncmp.c estimated size: 62

/Applications/microchip/xc8/v2.41/pic/sources/c90/common/strncpy.c
		_strncpy       		CODE           	0907	0000	69

/Applications/microchip/xc8/v2.41/pic/sources/c90/common/strncpy.c estimated size: 69

/Applications/microchip/xc8/v2.41/pic/sources/c90/common/__lldiv.c
		___lldiv       		CODE           	0B37	0000	104

/Applications/microchip/xc8/v2.41/pic/sources/c90/common/__lldiv.c estimated size: 104

/Applications/microchip/xc8/v2.41/pic/sources/c90/common/Umul8.c
		___bmul        		CODE           	1584	0000	21

/Applications/microchip/xc8/v2.41/pic/sources/c90/common/Umul8.c estimated size: 21

